// Jest Snapshot v1, https://goo.gl/fbAQLP

exports[`<Test /> Serialized Snapshots Test default 1`] = `ShallowWrapper {}`;
